============================================================================================== 
Warning! Mixing Conda and module environments may lead to corruption of the
user environment. 
We do not recommend users mixing those two environments unless absolutely
necessary. Note that 
SURF does not provide any support for Conda environment.
For more information, please refer to our software policy page:
https://servicedesk.surf.nl/wiki/display/WIKI/Software+policy+Snellius#SoftwarepolicySnellius-UseofAnacondaandMinicondaenvironmentsonSnellius 

Remember that many packages have already been installed on the system and can
be loaded using 
the 'module load <package__name>' command. If you are uncertain if a package is
already available 
on the system, please use 'module avail' or 'module spider' to search for it.
============================================================================================== 
[transformers] Model config: bos_token_id must be `None` or an integer within the vocabulary (between 0 and 2), got 50256. This may result in unexpected behavior.
[transformers] Model config: eos_token_id must be `None` or an integer within the vocabulary (between 0 and 2), got 50256. This may result in unexpected behavior.
Model dir:     /scratch-shared/sperdijk/storylm_p1_training/models/base_gpt2_20m_16k/final
Tokenizer:     /scratch-shared/sperdijk/storylm_p1_training/models/base_gpt2_20m_16k/final
Data dir:      /scratch-shared/sperdijk/storylm_p1_training/data/base_pretrain (split=test)
Loading dataset...

--------------------------------------------------------------------------------
1. RAW DATA SAMPLES
--------------------------------------------------------------------------------

--- sample 0 (13835 chars) ---
Gedrag valt in de syllabus van biologie onder subdomein D2. De eindtermen en deelconcepten zijn uiteindelijk de onderdelen die je moet beheersen van hoofdstuk 1. Hieronder zie je een uitwerking van de eindtermen van de syllabus en het boek (te vinden op bladzijde 7 van nectar). Uitwerking van de eindterm De kandidaat kan in contexten bijvoorbeeld: -  toelichten dat gedrag tot stand komt door interne en externe factoren; -  verklaren dat gedrag gedeeltelijk erfelijk bepaald is; -  uitleggen da [...]

--- sample 1 (131 chars) ---
grafisch het heeft te maken met het drukken van boeken, tijdschriften e.d. Een drukkerij is een voorbeeld van een grafisch bedrijf.

--- sample 2 (140 chars) ---
Lees De meeste ...strand staan. (regel 30-50) In welke zin staat het probleem? tip: Gebruik de leesmanier - Zie het probleem en de oplossing

--- sample 3 (83 chars) ---
schrijven vroeger en nu: balpen vulpen ganzenveer computer typemachine kroontjespen

--- sample 4 (141 chars) ---
1.1 Schrijf de afkortingen voluit. a.u.b. - ...nl. - ...enz. - ...o.l.v. - ...cv. - ...e.d. - ...o.a. - ...blz. - ...d.w.z. - ...i.v.m. - ...

--------------------------------------------------------------------------------
2. TOKENIZED DATA SAMPLES
--------------------------------------------------------------------------------

--- sample 0 (2 tokens, showing first 2) ---
ids:    [1, 2]
tokens: ['<bos>', '</eos>']

--- sample 1 (2 tokens, showing first 2) ---
ids:    [1, 2]
tokens: ['<bos>', '</eos>']

--- sample 2 (2 tokens, showing first 2) ---
ids:    [1, 2]
tokens: ['<bos>', '</eos>']

--- sample 3 (2 tokens, showing first 2) ---
ids:    [1, 2]
tokens: ['<bos>', '</eos>']

--- sample 4 (2 tokens, showing first 2) ---
ids:    [1, 2]
tokens: ['<bos>', '</eos>']

Loading model from /scratch-shared/sperdijk/storylm_p1_training/models/base_gpt2_20m_16k/final...
Loading weights:   0%|          | 0/76 [00:00<?, ?it/s]Loading weights: 100%|██████████| 76/76 [00:00<00:00, 13572.07it/s]
Device: cuda | params: 7,203,456

--------------------------------------------------------------------------------
3. GENERATIONS
--------------------------------------------------------------------------------

--- generation 0 ---
prompt:    'Gedrag valt in de syllabus van biologie onder subdomein D2. De eindtermen en deelconcepten zijn'
generated: ''

--- generation 1 ---
prompt:    'grafisch het heeft te maken met het drukken van boeken, tijdschriften e.d. Een drukkerij is'
generated: ''

--- generation 2 ---
prompt:    'Lees De meeste ...strand staan. (regel 30-50) In welke zin staat het probleem? tip: Gebruik'
generated: ''

--- generation 3 ---
prompt:    'schrijven vroeger en nu: balpen vulpen ganzenveer computer typemachine kroontjespen'
generated: ''

--- generation 4 ---
prompt:    '1.1 Schrijf de afkortingen voluit. a.u.b. - ...nl. - ...enz. - ...o.l.v. - ...cv. -'
generated: ''

--------------------------------------------------------------------------------
Done.
--------------------------------------------------------------------------------
