============================================================================================== 
Warning! Mixing Conda and module environments may lead to corruption of the
user environment. 
We do not recommend users mixing those two environments unless absolutely
necessary. Note that 
SURF does not provide any support for Conda environment.
For more information, please refer to our software policy page:
https://servicedesk.surf.nl/wiki/display/WIKI/Software+policy+Snellius#SoftwarepolicySnellius-UseofAnacondaandMinicondaenvironmentsonSnellius 

Remember that many packages have already been installed on the system and can
be loaded using 
the 'module load <package__name>' command. If you are uncertain if a package is
already available 
on the system, please use 'module avail' or 'module spider' to search for it.
============================================================================================== 
Preparing data from 1 source(s)...
Traceback (most recent call last):
  File "/gpfs/scratch1/shared/sperdijk/storylm_p1_training/scripts/01_prepare_data.py", line 32, in <module>
    main()
  File "/gpfs/scratch1/shared/sperdijk/storylm_p1_training/scripts/01_prepare_data.py", line 21, in main
    dataset_dict = prepare_and_split(cfg)
                   ^^^^^^^^^^^^^^^^^^^^^^
  File "/gpfs/scratch1/shared/sperdijk/storylm_p1_training/src/data/prepare.py", line 12, in prepare_and_split
    datasets = load_all_sources(data_cfg["sources"])
               ^^^^^^^^^^^^^^^^^^^^^^^^^^^^^^^^^^^^^
  File "/gpfs/scratch1/shared/sperdijk/storylm_p1_training/src/data/sources.py", line 34, in load_all_sources
    return [load_source(cfg) for cfg in sources_cfg]
            ^^^^^^^^^^^^^^^^
  File "/gpfs/scratch1/shared/sperdijk/storylm_p1_training/src/data/sources.py", line 13, in load_source
    dataset = load_dataset(source_cfg["hf_name"], split=source_cfg.get("split", "train"))
                           ~~~~~~~~~~^^^^^^^^^^^
KeyError: 'hf_name'
[transformers] Model config: bos_token_id must be `None` or an integer within the vocabulary (between 0 and 15999), got 50256. This may result in unexpected behavior.
[transformers] Model config: eos_token_id must be `None` or an integer within the vocabulary (between 0 and 15999), got 50256. This may result in unexpected behavior.
Loading base model from /scratch-shared/sperdijk/storylm_p1_training/models/base_gpt2_60m_16k/final...
Loading weights:   0%|          | 0/196 [00:00<?, ?it/s]Loading weights:   2%|▏         | 4/196 [00:00<00:07, 24.03it/s]Loading weights:  33%|███▎      | 64/196 [00:00<00:00, 268.60it/s]Loading weights:  49%|████▉     | 96/196 [00:00<00:00, 223.62it/s]Loading weights:  71%|███████▏  | 140/196 [00:00<00:00, 274.88it/s]Loading weights:  87%|████████▋ | 171/196 [00:00<00:00, 175.66it/s]Loading weights: 100%|██████████| 196/196 [00:00<00:00, 219.27it/s]
Loading prepared dataset from /scratch-shared/sperdijk/storylm_p1_training/data/continue_StoriesFTW...
Traceback (most recent call last):
  File "/gpfs/scratch1/shared/sperdijk/storylm_p1_training/scripts/04_continue_pretraining.py", line 89, in <module>
    main()
  File "/gpfs/scratch1/shared/sperdijk/storylm_p1_training/scripts/04_continue_pretraining.py", line 34, in main
    dataset_dict = load_prepared(data_cfg["paths"]["output_dir"])
                   ^^^^^^^^^^^^^^^^^^^^^^^^^^^^^^^^^^^^^^^^^^^^^^
  File "/gpfs/scratch1/shared/sperdijk/storylm_p1_training/src/data/prepare.py", line 41, in load_prepared
    return load_from_disk(dataset_dir)
           ^^^^^^^^^^^^^^^^^^^^^^^^^^^
  File "/home/sperdijk/.conda/envs/babylm2026/lib/python3.12/site-packages/datasets/load.py", line 1772, in load_from_disk
    raise FileNotFoundError(f"Directory {dataset_path} not found")
FileNotFoundError: Directory /scratch-shared/sperdijk/storylm_p1_training/data/continue_StoriesFTW not found
Loading model from /local/perdijks/storylm_pipeline/models/continued_chiscor/final...
Traceback (most recent call last):
  File "/home/sperdijk/.conda/envs/babylm2026/lib/python3.12/site-packages/transformers/utils/hub.py", line 437, in cached_files
    hf_hub_download(
  File "/home/sperdijk/.conda/envs/babylm2026/lib/python3.12/site-packages/huggingface_hub/utils/_validators.py", line 84, in _inner_fn
    validate_repo_id(arg_value)
  File "/home/sperdijk/.conda/envs/babylm2026/lib/python3.12/site-packages/huggingface_hub/utils/_validators.py", line 132, in validate_repo_id
    raise HFValidationError(
huggingface_hub.errors.HFValidationError: Repo id must be in the form 'repo_name' or 'namespace/repo_name': '/local/perdijks/storylm_pipeline/models/continued_chiscor/final'. Use `repo_type` argument if needed.

The above exception was the direct cause of the following exception:

Traceback (most recent call last):
  File "/gpfs/scratch1/shared/sperdijk/storylm_p1_training/scripts/05_evaluate_model.py", line 88, in <module>
    main()
  File "/gpfs/scratch1/shared/sperdijk/storylm_p1_training/scripts/05_evaluate_model.py", line 30, in main
    model = AutoModelForCausalLM.from_pretrained(model_dir)
            ^^^^^^^^^^^^^^^^^^^^^^^^^^^^^^^^^^^^^^^^^^^^^^^
  File "/home/sperdijk/.conda/envs/babylm2026/lib/python3.12/site-packages/transformers/models/auto/auto_factory.py", line 289, in from_pretrained
    resolved_config_file = cached_file(
                           ^^^^^^^^^^^^
  File "/home/sperdijk/.conda/envs/babylm2026/lib/python3.12/site-packages/transformers/utils/hub.py", line 293, in cached_file
    file = cached_files(path_or_repo_id=path_or_repo_id, filenames=[filename], **kwargs)
           ^^^^^^^^^^^^^^^^^^^^^^^^^^^^^^^^^^^^^^^^^^^^^^^^^^^^^^^^^^^^^^^^^^^^^^^^^^^^^
  File "/home/sperdijk/.conda/envs/babylm2026/lib/python3.12/site-packages/transformers/utils/hub.py", line 488, in cached_files
    raise OSError(f"{e}") from e
OSError: Repo id must be in the form 'repo_name' or 'namespace/repo_name': '/local/perdijks/storylm_pipeline/models/continued_chiscor/final'. Use `repo_type` argument if needed.
